LINHA 18: "LoremipsumdolorsitametconsecteturadipiscingelitDuisrhoncusturpisloremidvulputatevelitviverraacPellentesquehabitantmorbitristiquesenectusetnetusetmalesuadafamesacturpisegestasMaurisgravidadictumodioegetfaucibusmetusLoremipsumdolorsitametconsecteturadipiscingelitDuisrhoncusturpisloremidvulputatevelitviverraacPellentesquehabitantmorbitristiquesenectusetnetusetmalesuadafamesacturpisegestasMaurisgravidadictumodioegetfaucibusmetusLoremipsumdolorsitametconsecteturadipiscingelitDuisrhoncusturpisloremidvulputatevelitviverraacPellentesquehabitantmorbitristiquesenectusetnetusetmalesuadafamesacturpisegestasMaurisgravidadictumodioegetfaucibusmetusLoremipsumdolorsitametconsecteturadipiscingelitDuisrhoncusturpisloremidvulputatevelitviverraacPellentesquehabitantmorbitristiquesenectusetnetusetmalesuadafamesacturpisegestasMaurisgravidadictumodioegetfaucibusmetusLoremipsumdolorsitametconsecteturadipiscingelitDuisrhoncusturpisloremidvulputatevelitviverraacPellentesquehabitantmorbitristiquesenectusetnetusetmalesuadafamesacturpisegestasMaurisgravidadictumodioegetfaucibusmetusLoremipsumdolorsitametconsecteturadipiscingelitDuisrhoncusturpisloremidvulputatevelitviverraacPellentesquehabitantmorbitristiquesenectusetnetusetmalesuadafamesacturpisegestasMaurisgravidadictumodioegetfaucibusmetusLoremipsumdolorsitametconsecteturadipiscingelitDuisrhoncusturpisloremidvulputatevelitviverraacPellentesquehabitantmorbitristiquesenectusetnetusetmalesuadafamesacturpisegestasMaurisgravidadictumodioegetfaucibusmetusLoremipsumdolorsitametconsecteturadipiscingelitDuisrhoncusturpisloremidvulputatevelitviverraacPellentesquehabitantmorbitristiquesenectusetnetusetmalesuadafamesacturpisegestasMaurisgravidadictumodioegetfaucibusmetusLoremipsumdolorsitametconsecteturadipiscingelitDuisrhoncusturpisloremidvulputatevelitviverraacPellentesquehabitantmorbitristiquesenectusetnetusetmalesuadafamesacturpisegestasMaurisgravidadictumodioegetfaucibusmetusLoremipsumdolorsitametconsecteturadipiscingelitDuisrhoncusturpisloremidvulputatevelitviverraacPellentesquehabitantmorbitristiquesenectusetnetusetmalesuadafamesacturpisegestasMaurisgravidadictumodioegetfaucibusmetusLoremipsumdolorsitametconsecteturadipiscingelitDuisrhoncusturpisloremidvulputatevelitviverraacPellentesquehabitantmorbitristiquesenectusetnetusetmalesuadafamesacturpisegestasMaurisgravidadictumodioegetfaucibusmetusLoremipsumdolorsitametconsecteturadipiscingelitDuisrhoncusturpisloremidvulputatevelitviverraacPellentesquehabitantmorbitristiquesenectusetnetusetmalesuadafamesacturpisegestasMaurisgravidadictumodioegetfaucibusmetusLoremipsumdolorsitametconsecteturadipiscingelitDuisrhoncusturpisloremidvulputatevelitviverraacPellentesquehabitantmorbitristiquesenectusetnetusetmalesuadafamesacturpisegestasMaurisgravidadictumodioegetfaucibusmetus"
LINHA 19: "
LINHA 19: "
LINHA 20: "abc
LINHA 21: "abc\adef"
LINHA 85: ''
LINHA 86: 'abc'
LINHA 87: 'abc'
LINHA 88: 'abc'
LINHA 89: 'abc'
LINHA 91: 1234567890123
LINHA 93: 111111111111111111111111111111111111111111111111111111111111111111111111111111111111111111111111111111111111111111111111111
LINHA 95: 44abcdefgh
LINHA 97: 12345678901
LINHA 98: 12345678902
LINHA 99: 12345678903
LINHA 99: 12345678904
LINHA 100: 12345678905
LINHA 100: 12345678905
LINHA 119: ''
LINHA 120: '
LINHA 120: '
LINHA 121: ''
LINHA 121: '
LINHA 122: '
LINHA 123: '\n\t\\\'\"'
