LINHA 3: 12345678901
LINHA 4: 123456789012
LINHA 11: |
LINHA 11: #
LINHA 11: ?
LINHA 11: !
LINHA 11: ;
LINHA 11: 1819a
