LINHA 12: "abcdefghijklmnopabcdefghijklmnopabcdefghijklmnopabcdefghijklmnopabcdefghijklmnopabcdefghijklmnopabcdefghijklmnopabcdefghijklmnopabcdefghijklmnopabcdefghijklmnopabcdefghijklmnopabcdefghijklmnopabcdefghijklmnopabcdefghijklmnopabcdefghijklmnopabcdefghijklmnopa"
LINHA 20: '\t\t'
LINHA 21: "a'a"
LINHA 22: !
LINHA 23: "
LINHA 24: "
LINHA 25: ''
LINHA 25: '
LINHA 26: 1abc
LINHA 27: '
