LINHA 1: "marcos
LINHA 2: "
LINHA 3: 'a
LINHA 4: '
LINHA 6: \
