LINHA 1: #
LINHA 1: $
LINHA 1: #
LINHA 1: $
LINHA 2: 1111aaaa1111
