LINHA 3: "! \" #$%& \' () * + , - . / 0123456789 : ; < = > ? @ ABCDEFGHIJKLMNOPQRSTUVWXYZ [ \ ] ^ _ ` abcdefghijklmnopqrstuvwxyz { | } ~"
