LINHA 1: #
LINHA 1: $
LINHA 1: #
LINHA 1: #
LINHA 5: ~
LINHA 5: !
LINHA 5: ?
LINHA 5: &
LINHA 7: #
LINHA 7: ~
LINHA 9: ~
LINHA 9: "\"#!
