LINHA 1: "a\"b\"c\" de
LINHA 3: "AGORA TEM MAIS DE 256 CARACTERES Lorem ipsum dolor sit amet, consectetur adipiscing elit.            Duis rhoncus turpis lorem, id vulputate velit viverra ac. 
LINHA 3: "
LINHA 5: "AGORA TEM AINDA MAIS QUE 256 CARACTERES Lorem ipsum dolor sit amet, consectetur adipiscing elit.            Duis rhoncus turpis lorem, id vulputate velit viverra ac. \\\ Pellentesque habitant morbi tristique senectus et netus et malesuada fames ac turpis egestas. Mauris gravida dictum odio eget faucibus metus."
LINHA 7: "METADE DO INT = Lorem ipsum dolor sit amet, consectetur adipiscing elit. Duis rhoncus turpis lorem, id vulputate velit viverra ac. Pellentesque habitant morbi tristique senectus et netus et malesuada fames ac turpis egestas. Mauris gravida dictum odio eget faucibus metus.Lorem ipsum dolor sit amet, consectetur adipiscing elit. Duis rhoncus turpis lorem, id vulputate velit viverra ac. Pellentesque habitant morbi tristique senectus et netus et malesuada fames ac turpis egestas. Mauris gravida dictum odio eget faucibus metus.Lorem ipsum dolor sit amet, consectetur adipiscing elit. Duis rhoncus turpis lorem, id vulputate velit viverra ac. Pellentesque habitant morbi tristique senectus et netus et malesuada fames ac turpis egestas. Mauris gravida dictum odio eget faucibus metus.Lorem ipsum dolor sit amet, consectetur adipiscing elit. Duis rhoncus turpis lorem, id vulputate velit viverra ac. Pellentesque habitant morbi tristique senectus et netus et malesuada fames ac turpis egestas. Mauris gravida dictum odio eget faucibus metus.Lorem ipsum dolor sit amet, consectetur adipiscing elit. Duis rhoncus turpis lorem, id vulputate velit viverra ac. Pellentesque habitant morbi tristique senectus et netus et malesuada fames ac turpis egestas. Mauris gravida dictum odio eget faucibus metus.Lorem ipsum dolor sit amet, consectetur adipiscing elit. Duis rhoncus turpis lorem, id vulputate velit viverra ac. Pellentesque habitant morbi tristique senectus et netus et malesuada fames ac turpis egestas. Mauris gravida dictum odio eget faucibus metus.Lorem ipsum dolor sit amet, consectetur adipiscing elit. Duis rhoncus turpis lorem, id vulputate velit viverra ac. Pellentesque habitant morbi tristique senectus et netus et malesuada fames ac turpis egestas. Mauris gravida dictum odio eget faucibus metus.Lorem ipsum dolor sit amet, consectetur adipiscing elit. Duis rhoncus turpis lorem, id vulputate velit viverra ac. Pellentesque habitant morbi tristique senectus et netus et malesuada fames ac turpis egestas. Mauris gravida dictum odio eget faucibus metus.Lorem ipsum dolor sit amet, consectetur adipiscing elit. Duis rhoncus turpis lorem, id vulputate velit viverra ac. Pellentesque habitant morbi tristique senectus et netus et malesuada fames ac turpis egestas. Mauris gravida dictum odio eget faucibus metus.Lorem ipsum dolor sit amet, consectetur adipiscing elit. Duis rhoncus turpis lorem, id vulputate velit viverra ac. Pellentesque habitant morbi tristique senectus et netus et malesuada fames ac turpis egestas. Mauris gravida dictum odio eget faucibus metus.Lorem ipsum dolor sit amet, consectetur adipiscing elit. Duis rhoncus turpis lorem, id vulputate velit viverra ac. Pellentesque habitant morbi tristique senectus et netus et malesuada fames ac turpis egestas. Mauris gravida dictum odio eget faucibus metus.Lorem ipsum dolor sit amet, consectetur adipiscing elit. Duis rhoncus turpis lorem, id vulputate velit viverra ac. Pellentesque habitant morbi tristique senectus et netus et malesuada fames ac turpis egestas. Mauris gravida dictum odio eget faucibus metus.Lorem ipsum dolor sit amet, consectetur adipiscing elit. Duis rhoncus turpis lorem, id vulputate velit viverra ac. Pellentesque habitant morbi tristique senectus et netus et malesuada fames ac turpis egestas. Mauris gravida dictum odio eget faucibus metus.Lorem ipsum dolor sit amet, consectetur adipiscing elit. Duis rhoncus turpis lorem, id vulputate velit viverra ac. Pellentesque habitant morbi tristique senectus et netus et malesuada fames ac turpis egestas. Mauris gravida dictum odio eget faucibus metus.Lorem ipsum dolor sit amet, consectetur adipiscing elit. Duis rhoncus turpis lorem, id vulputate velit viverra ac. Pellentesque habitant morbi tristique senectus et netus et malesuada fames ac turpis egestas. Mauris gravida dictum odio eget faucibus metus.Lorem ipsum dolor sit amet, consectetur adipiscing elit. Duis rhoncus turpis lorem, id vulputate velit viverra ac. Pellentesque habitant morbi tristique senectus et netus et malesuada fames ac turpis egestas. Mauris gravida dictum odio eget faucibus metus.Lorem ipsum dolor sit amet, consectetur adipiscing elit. Duis rhoncus turpis lorem, id vulputate velit viverra ac. Pellentesque habitant morbi tristique senectus et netus et malesuada fames ac turpis egestas. Mauris gravida dictum odio eget faucibus metus.Lorem ipsum dolor sit amet, consectetur adipiscing elit. Duis rhoncus turpis lorem, id vulputate velit viverra ac. Pellentesque habitant morbi tristique senectus et netus et malesuada fames ac turpis egestas. Mauris gravida dictum odio eget faucibus metus.Lorem ipsum dolor sit amet, consectetur adipiscing elit. Duis rhoncus turpis lorem, id vulputate velit viverra ac. Pellentesque habitant morbi tristique senectus et netus et malesuada fames ac turpis egestas. Mauris gravida dictum odio eget faucibus metus.Lorem ipsum dolor sit amet, consectetur adipiscing elit. Duis rhoncus turpis lorem, id vulputate velit viverra ac. Pellentesque habitant morbi tristique senectus et netus et malesuada fames ac turpis egestas. Mauris gravida dictum odio eget faucibus metus.Lorem ipsum dolor sit amet, consectetur adipiscing elit. Duis rhoncus turpis lorem, id vulputate velit viverra ac. Pellentesque habitant morbi tristique senectus et netus et malesuada fames ac turpis egestas. Mauris gravida dictum odio eget faucibus metus.Lorem ipsum dolor sit amet, consectetur adipiscing elit. Duis rhoncus turpis lorem, id vulputate velit viverra ac. Pellentesque habitant morbi tristique senectus et netus et malesuada fames ac turpis egestas. Mauris gravida dictum odio eget faucibus metus.Lorem ipsum dolor sit amet, consectetur adipiscing elit. Duis rhoncus turpis lorem, id vulputate velit viverra ac. Pellentesque habitant morbi tristique senectus et netus et malesuada fames ac turpis egestas. Mauris gravida dictum odio eget faucibus metus.Lorem ipsum dolor sit amet, consectetur adipiscing elit. Duis rhoncus turpis lorem, id vulputate velit viverra ac. Pellentesque habitant morbi tristique senectus et netus et malesuada fames ac turpis egestas. Mauris gravida dictum odio eget faucibus metus.Lorem ipsum dolor sit amet, consectetur adipiscing elit. Duis rhoncus turpis lorem, id vulputate velit viverra ac. Pellentesque habitant morbi tristique senectus et netus et malesuada fames ac turpis egestas. Mauris gravida dictum odio eget faucibus metus.Lorem ipsum dolor sit amet, consectetur adipiscing elit. Duis rhoncus turpis lorem, id vulputate velit viverra ac. Pellentesque habitant morbi tristique senectus et netus et malesuada fames ac turpis egestas. Mauris gravida dictum odio eget faucibus metus.Lorem ipsum dolor sit amet, consectetur adipiscing elit. Duis rhoncus turpis lorem, id vulputate velit viverra ac. Pellentesque habitant morbi tristique senectus et netus et malesuada fames ac turpis egestas. Mauris gravida dictum odio eget faucibus metus.Lorem ipsum dolor sit amet, consectetur adipiscing elit. Duis rhoncus turpis lorem, id vulputate velit viverra ac. Pellentesque habitant morbi tristique senectus et netus et malesuada fames ac turpis egestas. Mauris gravida dictum odio eget faucibus metus.Lorem ipsum dolor sit amet, consectetur adipiscing elit. Duis rhoncus turpis lorem, id vulputate velit viverra ac. Pellentesque habitant morbi tristique senectus et netus et malesuada fames ac turpis egestas. Mauris gravida dictum odio eget faucibus metus.Lorem ipsum dolor sit amet, consectetur adipiscing elit. Duis rhoncus turpis lorem, id vulputate velit viverra ac. Pellentesque habitant morbi tristique senectus et netus et malesuada fames ac turpis egestas. Mauris gravida dictum odio eget faucibus metus.Lorem ipsum dolor sit amet, consectetur adipiscing elit. Duis rhoncus turpis lorem, id vulputate velit viverra ac. Pellentesque habitant morbi tristique senectus et netus et malesuada fames ac turpis egestas. Mauris gravida dictum odio eget faucibus metus.Lorem ipsum dolor sit amet, consectetur adipiscing elit. Duis rhoncus turpis lorem, id vulputate velit viverra ac. Pellentesque habitant morbi tristique senectus et netus et malesuada fames ac turpis egestas. Mauris gravida dictum odio eget faucibus metus.Lorem ipsum dolor sit amet, consectetur adipiscing elit. Duis rhoncus turpis lorem, id vulputate velit viverra ac. Pellentesque habitant morbi tristique senectus et netus et malesuada fames ac turpis egestas. Mauris gravida dictum odio eget faucibus metus.Lorem ipsum dolor sit amet, consectetur adipiscing elit. Duis rhoncus turpis lorem, id vulputate velit viverra ac. Pellentesque habitant morbi tristique senectus et netus et malesuada fames ac turpis egestas. Mauris gravida dictum odio eget faucibus metus.Lorem ipsum dolor sit amet, consectetur adipiscing elit. Duis rhoncus turpis lorem, id vulputate velit viverra ac. Pellentesque habitant morbi tristique senectus et netus et malesuada fames ac turpis egestas. Mauris gravida dictum odio eget faucibus metus.Lorem ipsum dolor sit amet, consectetur adipiscing elit. Duis rhoncus turpis lorem, id vulputate velit viverra ac. Pellentesque habitant morbi tristique senectus et netus et malesuada fames ac turpis egestas. Mauris gravida dictum odio eget faucibus metus.Lorem ipsum dolor sit amet, consectetur adipiscing elit. Duis rhoncus turpis lorem, id vulputate velit viverra ac. Pellentesque habitant morbi tristique senectus et netus et malesuada fames ac turpis egestas. Mauris gravida dictum odio eget faucibus metus.Lorem ipsum dolor sit amet, consectetur adipiscing elit. Duis rhoncus turpis lorem, id vulputate velit viverra ac. Pellentesque habitant morbi tristique senectus et netus et malesuada fames ac turpis egestas. Mauris gravida dictum odio eget faucibus metus.Lorem ipsum dolor sit amet, consectetur adipiscing elit. Duis rhoncus turpis lorem, id vulputate velit viverra ac. Pellentesque habitant morbi tristique senectus et netus et malesuada fames ac turpis egestas. Mauris gravida dictum odio eget faucibus metus.Lorem ipsum dolor sit amet, consectetur adipiscing elit. Duis rhoncus turpis lorem, id vulputate velit viverra ac. Pellentesque habitant morbi tristique senectus et netus et malesuada fames ac turpis egestas. Mauris gravida dictum odio eget faucibus metus.Lorem ipsum dolor sit amet, consectetur adipiscing elit. Duis rhoncus turpis lorem, id vulputate velit viverra ac. Pellentesque habitant morbi tristique senectus et netus et malesuada fames ac turpis egestas. Mauris gravida dictum odio eget faucibus metus.Lorem ipsum dolor sit amet, consectetur adipiscing elit. Duis rhoncus turpis lorem, id vulputate velit viverra ac. Pellentesque habitant morbi tristique senectus et netus et malesuada fames ac turpis egestas. Mauris gravida dictum odio eget faucibus metus.Lorem ipsum dolor sit amet, consectetur adipiscing elit. Duis rhoncus turpis lorem, id vulputate velit viverra ac. Pellentesque habitant morbi tristique senectus et netus et malesuada fames ac turpis egestas. Mauris gravida dictum odio eget faucibus metus.Lorem ipsum dolor sit amet, consectetur adipiscing elit. Duis rhoncus turpis lorem, id vulputate velit viverra ac. Pellentesque habitant morbi tristique senectus et netus et malesuada fames ac turpis egestas. Mauris gravida dictum odio eget faucibus metus.Lorem ipsum dolor sit amet, consectetur adipiscing elit. Duis rhoncus turpis lorem, id vulputate velit viverra ac. Pellentesque habitant morbi tristique senectus et netus et malesuada fames ac turpis egestas. Mauris gravida dictum odio eget faucibus metus.Lorem ipsum dolor sit amet, consectetur adipiscing elit. Duis rhoncus turpis lorem, id vulputate velit viverra ac. Pellentesque habitant morbi tristique senectus et netus et malesuada fames ac turpis egestas. Mauris gravida dictum odio eget faucibus metus.Lorem ipsum dolor sit amet, consectetur adipiscing elit. Duis rhoncus turpis lorem, id vulputate velit viverra ac. Pellentesque habitant morbi tristique senectus et netus et malesuada fames ac turpis egestas. Mauris gravida dictum odio eget faucibus metus.Lorem ipsum dolor sit amet, consectetur adipiscing elit. Duis rhoncus turpis lorem, id vulputate velit viverra ac. Pellentesque habitant morbi tristique senectus et netus et malesuada fames ac turpis egestas. Mauris gravida dictum odio eget faucibus metus.Lorem ipsum dolor sit amet, consectetur adipiscing elit. Duis rhoncus turpis lorem, id vulputate velit viverra ac. Pellentesque habitant morbi tristique senectus et netus et malesuada fames ac turpis egestas. Mauris gravida dictum odio eget faucibus metus.Lorem ipsum dolor sit amet, consectetur adipiscing elit. Duis rhoncus turpis lorem, id vulputate velit viverra ac. Pellentesque habitant morbi tristique senectus et netus et malesuada fames ac turpis egestas. Mauris gravida dictum odio eget faucibus metus.Lorem ipsum dolor sit amet, consectetur adipiscing elit. Duis rhoncus turpis lorem, id vulputate velit viverra ac. Pellentesque habitant morbi tristique senectus et netus et malesuada fames ac turpis egestas. Mauris gravida dictum odio eget faucibus metus.Lorem ipsum dolor sit amet, consectetur adipiscing elit. Duis rhoncus turpis lorem, id vulputate velit viverra ac. Pellentesque habitant morbi tristique senectus et netus et malesuada fames ac turpis egestas. Mauris gravida dictum odio eget faucibus metus.Lorem ipsum dolor sit amet, consectetur adipiscing elit. Duis rhoncus turpis lorem, id vulputate velit viverra ac. Pellentesque habitant morbi tristique senectus et netus et malesuada fames ac turpis egestas. Mauris gravida dictum odio eget faucibus metus.Lorem ipsum dolor sit amet, consectetur adipiscing elit. Duis rhoncus turpis lorem, id vulputate velit viverra ac. Pellentesque habitant morbi tristique senectus et netus et malesuada fames ac turpis egestas. Mauris gravida dictum odio eget faucibus metus.Lorem ipsum dolor sit amet, consectetur adipiscing elit. Duis rhoncus turpis lorem, id vulputate velit viverra ac. Pellentesque habitant morbi tristique senectus et netus et malesuada fames ac turpis egestas. Mauris gravida dictum odio eget faucibus metus.Lorem ipsum dolor sit amet, consectetur adipiscing elit. Duis rhoncus turpis lorem, id vulputate velit viverra ac. Pellentesque habitant morbi tristique senectus et netus et malesuada fames ac turpis egestas. Mauris gravida dictum odio eget faucibus metus.Lorem ipsum dolor sit amet, consectetur adipiscing elit. Duis rhoncus turpis lorem, id vulputate velit viverra ac. Pellentesque habitant morbi tristique senectus et netus et malesuada fames ac turpis egestas. Mauris gravida dictum odio eget faucibus metus.Lorem ipsum dolor sit amet, consectetur adipiscing elit. Duis rhoncus turpis lorem, id vulputate velit viverra ac. Pellentesque habitant morbi tristique senectus et netus et malesuada fames ac turpis egestas. Mauris gravida dictum odio eget faucibus metus.Lorem ipsum dolor sit amet, consectetur adipiscing elit. Duis rhoncus turpis lorem, id vulputate velit viverra ac. Pellentesque habitant morbi tristique senectus et netus et malesuada fames ac turpis egestas. Mauris gravida dictum odio eget faucibus metus.Lorem ipsum dolor sit amet, consectetur adipiscing elit. Duis rhoncus turpis lorem, id vulputate velit viverra ac. Pellentesque habitant morbi tristique senectus et netus et malesuada fames ac turpis egestas. Mauris gravida dictum odio eget faucibus metus.Lorem ipsum dolor sit amet, consectetur adipiscing elit. Duis rhoncus turpis lorem, id vulputate velit viverra ac. Pellentesque habitant morbi tristique senectus et netus et malesuada fames ac turpis egestas. Mauris gravida dictum odio eget faucibus metus.Lorem ipsum dolor sit amet, consectetur adipiscing elit. Duis rhoncus turpis lorem, id vulputate velit viverra ac. Pellentesque habitant morbi tristique senectus et netus et malesuada fames ac turpis egestas. Mauris gravida dictum odio eget faucibus metus.Lorem ipsum dolor sit amet, consectetur adipiscing elit. Duis rhoncus turpis lorem, id vulputate velit viverra ac. Pellentesque habitant morbi tristique senectus et netus et malesuada fames ac turpis egestas. Mauris gravida dictum odio eget faucibus metus.Lorem ipsum dolor sit amet, consectetur adipiscing elit. Duis rhoncus turpis lorem, id vulputate velit viverra ac. Pellentesque habitant morbi tristique senectus et netus et malesuada fames ac turpis egestas. Mauris gravida dictum odio eget faucibus metus."
LINHA 9: "AGORA TEM TEM TEM #\"#
LINHA 11: "\'
LINHA 15: "abcdefg      '\t\'"
LINHA 17: "des \'\a\'"
LINHA 19: ''
LINHA 21: "ijlmn \" bah'
