LINHA 1: 'abc'
LINHA 5: '\\"'
LINHA 7: '
LINHA 7: 's
LINHA 9: '\w'
LINHA 13: '?%#'
LINHA 15: '\r'
