LINHA 1: 56dfg
LINHA 3: ;
LINHA 4: '\a'
LINHA 6: $
LINHA 7: "marcos
LINHA 8: "
LINHA 9: 'a
LINHA 10: '
LINHA 12: \
LINHA 32: "ma'ss"
LINHA 33: '"'
LINHA 41: "marcos \a silva"
LINHA 45: "AGORA TEM MAIS DE 256 CARACTERES Lorem ipsum dolor sit amet, consectetur adipiscing elit. Duis rhoncus turpis lorem, id vulputate velit viverra ac. Pellentesque habitant morbi tristique senectus et netus et malesuada fames ac turpis egestas. Mauris gravida dictum odio eget faucibus metus."
LINHA 48: 'AAAA'
LINHA 50: 1234567890AS111
LINHA 54: "
LINHA 54: "
LINHA 55: "
LINHA 56: #
LINHA 56: #
