LINHA 1: 3213123213123123
LINHA 1: 2313123123123123213f
LINHA 1: 2312321312312312312312
LINHA 5: 13213123123123122176
LINHA 7: 44343434343434343
LINHA 7: 12321333333312312313e
LINHA 7: 13213123123123123123
