LINHA 1: '\'abcd
LINHA 3: '
LINHA 4: ''
LINHA 5: '\a'
LINHA 6: 'marcos'
