LINHA 2: !
LINHA 3: " [34]
LINHA 4: #
LINHA 5: $
LINHA 7: &
LINHA 8: ' [39]
LINHA 27: :
LINHA 28: ;
LINHA 32: ?
LINHA 33: @
LINHA 61: \
LINHA 63: ^
LINHA 64: _
LINHA 65: `
LINHA 92: {
LINHA 93: |
LINHA 94: }
LINHA 95: ~
