LINHA 20: '<><><><><><><>'
LINHA 21: ''
LINHA 22: ''
LINHA 23: ''
LINHA 24: 'aa'
LINHA 25: 'aa'
LINHA 26: 'aa'
LINHA 27: 'aa'
LINHA 28: 012345678901234567890
LINHA 28: 'aaaaaaaaaaa'
LINHA 28: 012345678901234567890
LINHA 30: "12346578901234657890123465789012346578901234657890123465789012346578901234657890123465789012346578901234657890123465789012346578901234657890123465789012346578901234657890123465789012346578901234657890123465789012346578901234657890123465789012346578901234656"
LINHA 31: "01234657890123465789012346578901234657890123465789012346578901234657890123465789012346578901234657890123465789012346578901234657890123465789012346578901234657890123465789012346578901234657890123465789012346578901234657890123465789012346578901234657890123465"
LINHA 32: "01234657890123465789012346578901234657890123465789012346578901234657890123465789012346578901234657890123465789012346578901234657890123465789012346578901234657890123465789012346578901234657890123465789012346578901234657890123465789012346578901234657890123465"
LINHA 33: "01234657890123465789012346578901234657890123465789012346578901234657890123465789012346578901234657890123465789012346578901234657890123465789012346578901234657890123465789012346578901234657890123465789012346578901234657890123465789012346578901234657890123465"
LINHA 35: 123467891025518518181
LINHA 36: 012345678901234567890
LINHA 36: 012345678901234567890
