LINHA 3: "AGORA TEM MAIS DE 256 CARACTERES Lorem ipsum dolor sit amet, consectetur adipiscing elit. Duis rhoncus turpis lorem, id vulputate velit viverra ac. Pellentesque habitant morbi tristique senectus et netus et malesuada fames ac turpis egestas. Mauris gravida dictum odio eget faucibus metus."
LINHA 5: 1111aaaa1111
