LINHA 1: "LoremipsumdolorsitametconsecteturadipiscingelitDuisrhoncusturpisloremidvulputatevelitviverraacPellentesquehabitantmorbitristiquesenectusetnetusetmalesuadafamesacturpisegestasMaurisgravidadictumodioegetfaucibusmetusLoremipsumdolorsitametconsecteturadipiscingelitDuisrhoncusturpisloremidvulputatevelitviverraacPellentesquehabitantmorbitristiquesenectusetnetusetmalesuadafamesacturpisegestasMaurisgravidadictumodioegetfaucibusmetusLoremipsumdolorsitametconsecteturadipiscingelitDuisrhoncusturpisloremidvulputatevelitviverraacPellentesquehabitantmorbitristiquesenectusetnetusetmalesuadafamesacturpisegestasMaurisgravidadictumodioegetfaucibusmetusLoremipsumdolorsitametconsecteturadipiscingelitDuisrhoncusturpisloremidvulputatevelitviverraacPellentesquehabitantmorbitristiquesenectusetnetusetmalesuadafamesacturpisegestasMaurisgravidadictumodioegetfaucibusmetusLoremipsumdolorsitametconsecteturadipiscingelitDuisrhoncusturpisloremidvulputatevelitviverraacPellentesquehabitantmorbitristiquesenectusetnetusetmalesuadafamesacturpisegestasMaurisgravidadictumodioegetfaucibusmetusLoremipsumdolorsitametconsecteturadipiscingelitDuisrhoncusturpisloremidvulputatevelitviverraacPellentesquehabitantmorbitristiquesenectusetnetusetmalesuadafamesacturpisegestasMaurisgravidadictumodioegetfaucibusmetusLoremipsumdolorsitametconsecteturadipiscingelitDuisrhoncusturpisloremidvulputatevelitviverraacPellentesquehabitantmorbitristiq"
