LINHA 1: "aaaaaa\ammndjd'"
LINHA 2: 123456790123459518131
