LINHA 1: "
LINHA 2: ;
LINHA 3: 'abc'
LINHA 4: ''
LINHA 4: '
LINHA 5: "abc
LINHA 5: "
LINHA 6: "
