LINHA 4: "
LINHA 4: "
LINHA 5: "
LINHA 6: #
LINHA 6: #
