LINHA 3: "
LINHA 3: "
LINHA 4: "
LINHA 5: #
LINHA 5: #
