LINHA 1: 56dfg
LINHA 3: ;
LINHA 4: '\a'
LINHA 6: $
LINHA 10: "
LINHA 10: "
LINHA 11: "
LINHA 12: #
LINHA 12: #
LINHA 14: '\'abcd
LINHA 16: '
LINHA 17: ''
LINHA 18: ''
LINHA 18: '
LINHA 19: '\a'
LINHA 20: 'marcos'
LINHA 22: "marcos
LINHA 23: "
LINHA 24: 'a
LINHA 25: '
LINHA 27: \
LINHA 47: "ma'ss"
LINHA 48: '"'
LINHA 56: "marcos \a silva"
LINHA 60: "AGORA TEM MAIS DE 256 CARACTERES Lorem ipsum dolor sit amet, consectetur adipiscing elit. Duis rhoncus turpis lorem, id vulputate velit viverra ac. Pellentesque habitant morbi tristique senectus et netus et malesuada fames ac turpis egestas. Mauris gravida dictum odio eget faucibus metus."
LINHA 63: 'AAAA'
LINHA 65: 1234567890AS111
LINHA 69: "
LINHA 69: "
LINHA 70: "
LINHA 71: #
LINHA 71: #
LINHA 74: \
LINHA 75: \
LINHA 76: "
LINHA 77: ;
LINHA 78: 'abc'
LINHA 79: ''
LINHA 79: '
LINHA 80: "abc
LINHA 80: "
LINHA 81: "
LINHA 84: 'a\'b\'c\'d'
LINHA 86: #
LINHA 86: $
LINHA 86: #
LINHA 86: $
LINHA 87: 1111aaaa1111
LINHA 89: "a\"b\"c\" de
