LINHA 1: "a\"b\"c\" de
LINHA 3: "AGORA TEM MAIS DE 256 CARACTERES Lorem ipsum dolor sit amet, consectetur adipiscing elit.            Duis rhoncus turpis lorem, id vulputate velit viverra ac. 
LINHA 3: "
LINHA 7: "Lorem ipsum dolor sit amet, consectetur adipiscing elit. Duis rhoncus turpis lorem, id vulputate velit viverra ac. Pellentesque habitant morbi tristique senectus et netus et malesuada fames ac turpis egestas. Mauris gravida dictum odio eget faucibus metus.a"
LINHA 9: "Lorem ipsum dolor sit amet, consectetur adipiscing elit. Duis rhoncus turpis lorem, id vulputate velit viverra ac. Pellentesque habitant morbi tristique senectus et netus et malesuada fames ac turpis egestas. Mauris gravida dictum odio eget faucibus metus.ab"
LINHA 11: "Lorem ipsum dolor sit amet, consectetur adipiscing elit. Duis rhoncus turpis lorem, id vulputate velit viverra ac. Pellentesque habitant morbi tristique senectus et netus et malesuada fames ac turpis egestas. Mauris gravida dictum odio eget faucibus metus.abc"
LINHA 13: "AGORA TEM AINDA MAIS QUE 256 CARACTERES Lorem ipsum dolor sit amet, consectetur adipiscing elit.            Duis rhoncus turpis lorem, id vulputate velit viverra ac. \\\ Pellentesque habitant morbi tristique senectus et netus et malesuada fames ac turpis egestas. Mauris gravida dictum odio eget faucibus metus."
LINHA 15: "METADE DO INT = Lorem ipsum dolor sit amet, consectetur adipiscing elit. Duis rhoncus turpis lorem, id vulputate velit viverra ac. Pellentesque habitant morbi tristique senectus et netus et malesuada fames ac turpis egestas. Mauris gravida dictum odio eget faucibus metus.Lorem ipsum dolor sit amet, consectetur adipiscing elit. Duis rhoncus turpis lorem, id vulputate velit viverra ac. Pellentesque habitant morbi tristique senectus et netus et malesuada fames ac turpis egestas. Mauris gravida dictum odio eget faucibus metus.Lorem ipsum dolor sit amet, consectetur adipiscing elit. Duis rhoncus turpis lorem, id vulputate velit viverra ac. Pellentesque habitant morbi tristique senectus et netus et malesuada fames ac turpis egestas. Mauris gravida dictum odio eget faucibus metus.Lorem ipsum dolor sit amet, consectetur adipiscing elit. Duis rhoncus turpis lorem, id vulputate velit viverra ac. Pellentesque habitant morbi tristique senectus et netus et malesuada fames ac turpis egestas. Mauris gravida dictum odio eget faucibus metus.Lorem ipsum dolor sit amet, consectetur adipiscing elit. Duis rhoncus turpis lorem, id vulputate velit viverra ac. Pellentesque habitant morbi tristique senectus et netus et malesuada fames ac turpis egestas. Mauris gravida dictum odio eget faucibus metus.Lorem ipsum dolor sit amet, consectetur adipiscing elit. Duis rhoncus turpis lorem, id vulputate velit viverra ac. Pellentesque habitant morbi tristique senectus et netus et malesuada fames ac turpis egestas. Mauris gravida dictum odio eget faucibus metus.Lorem ipsum dolor sit amet, consectetur adipiscing elit. Duis rhoncus turpis lorem, id vulputate velit viverra ac. Pellentesque habitant morbi tristique senectus et netus et malesuada fames ac turpis egestas. Mauris gravida dictum odio eget faucibus metus.Lorem ipsum dolor sit amet, consectetur adipiscing elit. Duis rhoncus turpis lorem, id vulputate velit viverra ac. Pellentesque habitant morbi tristique senectus et netus et malesuada fames ac turpis egestas. Mauris gravida dictum odio eget faucibus metus.Lorem ipsum dolor sit amet, consectetur adipiscing elit. Duis rhoncus turpis lorem, id vulputate velit viverra ac. Pellentesque habitant morbi tristique senectus et netus et malesuada fames ac turpis egestas. Mauris gravida dictum odio eget faucibus metus.Lorem ipsum dolor sit amet, consectetur adipiscing elit. Duis rhoncus turpis lorem, id vulputate velit viverra ac. Pellentesque habitant morbi tristique senectus et netus et malesuada fames ac turpis egestas. Mauris gravida dictum odio eget faucibus metus.Lorem ipsum dolor sit amet, consectetur adipiscing elit. Duis rhoncus turpis lorem, id vulputate velit viverra ac. Pellentesque habitant morbi tristique senectus et netus et malesuada fames ac turpis egestas. Mauris gravida dictum odio eget faucibus metus.Lorem ipsum dolor sit amet, consectetur adipiscing elit. Duis rhoncus turpis lorem, id vulputate velit viverra ac. Pellentesque habitant morbi tristique senectus et netus et malesuada fames ac turpis egestas. Mauris gravida dictum odio eget faucibus metus.Lorem ipsum dolor sit amet, consectetur adipiscing elit. Duis rhoncus turpis lorem, id vulputate velit viverra ac. Pellentesque habitant morbi tristique senectus et netus et malesuada fames ac turpis egestas. Mauris gravida dictum odio eget faucibus metus.Lorem ipsum dolor sit amet, consectetur adipiscing elit. Duis rhoncus turpis lorem, id vulputate velit viverra ac. Pellentesque habitant morbi tristique senectus et netus et malesuada fames ac turpis egestas. Mauris gravida dictum odio eget faucibus metus.Lorem ipsum dolor sit amet, consectetur adipiscing elit. Duis rhoncus turpis lorem, id vulputate velit viverra ac. Pellentesque habitant morbi tristique senectus et netus et malesuada fames ac turpis egestas. Mauris gravida dictum odio eget faucibus metus.Lorem ipsum dolor sit amet, consectetur adipiscing elit. Duis rhoncus turpis lorem, id vulputate velit viverra ac. Pellentesque habitant morbi tristique senectus et netus et malesuada fames ac turpis egestas. Mauris gravida dictum odio eget faucibus metus.Lorem ipsum dolor sit amet, consectetur adipiscing elit. Duis rhoncus turpis lorem, id vulputate velit viverra ac. Pellentesque habitant morbi tristique senectus et netus et malesuada fames ac turpis egestas. Mauris gravida dictum odio eget faucibus metus.Lorem ipsum dolor sit amet, consectetur adipiscing elit. Duis rhoncus turpis lorem, id vulputate velit viverra ac. Pellentesque habitant morbi tristique senectus et netus et malesuada fames ac turpis egestas. Mauris gravida dictum odio eget faucibus metus.Lorem ipsum dolor sit amet, consectetur adipiscing elit. Duis rhoncus turpis lorem, id vulputate velit viverra ac. Pellentesque habitant morbi tristique senectus et netus et malesuada fames ac turpis egestas. Mauris gravida dictum odio eget faucibus metus.Lorem ipsum dolor sit amet, consectetur adipiscing elit. Duis rhoncus turpis lorem, id vulputate velit viverra ac. Pellentesque habitant morbi tristique senectus et netus et malesuada fames ac turpis egestas. Mauris gravida dictum odio eget faucibus metus.Lorem ipsum dolor sit amet, consectetur adipiscing elit. Duis rhoncus turpis lorem, id vulputate velit viverra ac. Pellentesque habitant morbi tristique senectus et netus et malesuada fames ac turpis egestas. Mauris gravida dictum odio eget faucibus metus.Lorem ipsum dolor sit amet, consectetur adipiscing elit. Duis rhoncus turpis lorem, id vulputate velit viverra ac. Pellentesque habitant morbi tristique senectus et netus et malesuada fames ac turpis egestas. Mauris gravida dictum odio eget faucibus metus.Lorem ipsum dolor sit amet, consectetur adipiscing elit. Duis rhoncus turpis lorem, id vulputate velit viverra ac. Pellentesque habitant morbi tristique senectus et netus et malesuada fames ac turpis egestas. Mauris gravida dictum odio eget faucibus metus.Lorem ipsum dolor sit amet, consectetur adipiscing elit. Duis rhoncus turpis lorem, id vulputate velit viverra ac. Pellentesque habitant morbi tristique senectus et netus et malesuada fames ac turpis egestas. Mauris gravida dictum odio eget faucibus metus.Lorem ipsum dolor sit amet, consectetur adipiscing elit. Duis rhoncus turpis lorem, id vulputate velit viverra ac. Pellentesque habitant morbi tristique senectus et netus et malesuada fames ac turpis egestas. Mauris gravida dictum odio eget faucibus metus.Lorem ipsum dolor sit amet, consectetur adipiscing elit. Duis rhoncus turpis lorem, id vulputate velit viverra ac. Pellentesque habitant morbi tristique senectus et netus et malesuada fames ac turpis egestas. Mauris gravida dictum odio eget faucibus metus.Lorem ipsum dolor sit amet, consectetur adipiscing elit. Duis rhoncus turpis lorem, id vulputate velit viverra ac. Pellentesque habitant morbi tristique senectus et netus et malesuada fames ac turpis egestas. Mauris gravida dictum odio eget faucibus metus.Lorem ipsum dolor sit amet, consectetur adipiscing elit. Duis rhoncus turpis lorem, id vulputate velit viverra ac. Pellentesque habitant morbi tristique senectus et netus et malesuada fames ac turpis egestas. Mauris gravida dictum odio eget faucibus metus.Lorem ipsum dolor sit amet, consectetur adipiscing elit. Duis rhoncus turpis lorem, id vulputate velit viverra ac. Pellentesque habitant morbi tristique senectus et netus et malesuada fames ac turpis egestas. Mauris gravida dictum odio eget faucibus metus.Lorem ipsum dolor sit amet, consectetur adipiscing elit. Duis rhoncus turpis lorem, id vulputate velit viverra ac. Pellentesque habitant morbi tristique senectus et netus et malesuada fames ac turpis egestas. Mauris gravida dictum odio eget faucibus metus.Lorem ipsum dolor sit amet, consectetur adipiscing elit. Duis rhoncus turpis lorem, id vulputate velit viverra ac. Pellentesque habitant morbi tristique senectus et netus et malesuada fames ac turpis egestas. Mauris gravida dictum odio eget faucibus metus.Lorem ipsum dolor sit amet, consectetur adipiscing elit. Duis rhoncus turpis lorem, id vulputate velit viverra ac. Pellentesque habitant morbi tristique senectus et netus et malesuada fames ac turpis egestas. Mauris gravida dictum odio eget faucibus metus.Lorem ipsum dolor sit amet, consectetur adipiscing elit. Duis rhoncus turpis lorem, id vulputate velit viverra ac. Pellentesque habitant morbi tristique senectus et netus et malesuada fames ac turpis egestas. Mauris gravida dictum odio eget faucibus metus.Lorem ipsum dolor sit amet, consectetur adipiscing elit. Duis rhoncus turpis lorem, id vulputate velit viverra ac. Pellentesque habitant morbi tristique senectus et netus et malesuada fames ac turpis egestas. Mauris gravida dictum odio eget faucibus metus.Lorem ipsum dolor sit amet, consectetur adipiscing elit. Duis rhoncus turpis lorem, id vulputate velit viverra ac. Pellentesque habitant morbi tristique senectus et netus et malesuada fames ac turpis egestas. Mauris gravida dictum odio eget faucibus metus.Lorem ipsum dolor sit amet, consectetur adipiscing elit. Duis rhoncus turpis lorem, id vulputate velit viverra ac. Pellentesque habitant morbi tristique senectus et netus et malesuada fames ac turpis egestas. Mauris gravida dictum odio eget faucibus metus.Lorem ipsum dolor sit amet, consectetur adipiscing elit. Duis rhoncus turpis lorem, id vulputate velit viverra ac. Pellentesque habitant morbi tristique senectus et netus et malesuada fames ac turpis egestas. Mauris gravida dictum odio eget faucibus metus.Lorem ipsum dolor sit amet, consectetur adipiscing elit. Duis rhoncus turpis lorem, id vulputate velit viverra ac. Pellentesque habitant morbi tristique senectus et netus et malesuada fames ac turpis egestas. Mauris gravida dictum odio eget faucibus metus.Lorem ipsum dolor sit amet, consectetur adipiscing elit. Duis rhoncus turpis lorem, id vulputate velit viverra ac. Pellentesque habitant morbi tristique senectus et netus et malesuada fames ac turpis egestas. Mauris gravida dictum odio eget faucibus metus.Lorem ipsum dolor sit amet, consectetur adipiscing elit. Duis rhoncus turpis lorem, id vulputate velit viverra ac. Pellentesque habitant morbi tristique senectus et netus et malesuada fames ac turpis egestas. Mauris gravida dictum odio eget faucibus metus.Lorem ipsum dolor sit amet, consectetur adipiscing elit. Duis rhoncus turpis lorem, id vulputate velit viverra ac. Pellentesque habitant morbi tristique senectus et netus et malesuada fames ac turpis egestas. Mauris gravida dictum odio eget faucibus metus.Lorem ipsum dolor sit amet, consectetur adipiscing elit. Duis rhoncus turpis lorem, id vulputate velit viverra ac. Pellentesque habitant morbi tristique senectus et netus et malesuada fames ac turpis egestas. Mauris gravida dictum odio eget faucibus metus.Lorem ipsum dolor sit amet, consectetur adipiscing elit. Duis rhoncus turpis lorem, id vulputate velit viverra ac. Pellentesque habitant morbi tristique senectus et netus et malesuada fames ac turpis egestas. Mauris gravida dictum odio eget faucibus metus.Lorem ipsum dolor sit amet, consectetur adipiscing elit. Duis rhoncus turpis lorem, id vulputate velit viverra ac. Pellentesque habitant morbi tristique senectus et netus et malesuada fames ac turpis egestas. Mauris gravida dictum odio eget faucibus metus.Lorem ipsum dolor sit amet, consectetur adipiscing elit. Duis rhoncus turpis lorem, id vulputate velit viverra ac. Pellentesque habitant morbi tristique senectus et netus et malesuada fames ac turpis egestas. Mauris gravida dictum odio eget faucibus metus.Lorem ipsum dolor sit amet, consectetur adipiscing elit. Duis rhoncus turpis lorem, id vulputate velit viverra ac. Pellentesque habitant morbi tristique senectus et netus et malesuada fames ac turpis egestas. Mauris gravida dictum odio eget faucibus metus.Lorem ipsum dolor sit amet, consectetur adipiscing elit. Duis rhoncus turpis lorem, id vulputate velit viverra ac. Pellentesque habitant morbi tristique senectus et netus et malesuada fames ac turpis egestas. Mauris gravida dictum odio eget faucibus metus.Lorem ipsum dolor sit amet, consectetur adipiscing elit. Duis rhoncus turpis lorem, id vulputate velit viverra ac. Pellentesque habitant morbi tristique senectus et netus et malesuada fames ac turpis egestas. Mauris gravida dictum odio eget faucibus metus.Lorem ipsum dolor sit amet, consectetur adipiscing elit. Duis rhoncus turpis lorem, id vulputate velit viverra ac. Pellentesque habitant morbi tristique senectus et netus et malesuada fames ac turpis egestas. Mauris gravida dictum odio eget faucibus metus.Lorem ipsum dolor sit amet, consectetur adipiscing elit. Duis rhoncus turpis lorem, id vulputate velit viverra ac. Pellentesque habitant morbi tristique senectus et netus et malesuada fames ac turpis egestas. Mauris gravida dictum odio eget faucibus metus.Lorem ipsum dolor sit amet, consectetur adipiscing elit. Duis rhoncus turpis lorem, id vulputate velit viverra ac. Pellentesque habitant morbi tristique senectus et netus et malesuada fames ac turpis egestas. Mauris gravida dictum odio eget faucibus metus.Lorem ipsum dolor sit amet, consectetur adipiscing elit. Duis rhoncus turpis lorem, id vulputate velit viverra ac. Pellentesque habitant morbi tristique senectus et netus et malesuada fames ac turpis egestas. Mauris gravida dictum odio eget faucibus metus.Lorem ipsum dolor sit amet, consectetur adipiscing elit. Duis rhoncus turpis lorem, id vulputate velit viverra ac. Pellentesque habitant morbi tristique senectus et netus et malesuada fames ac turpis egestas. Mauris gravida dictum odio eget faucibus metus.Lorem ipsum dolor sit amet, consectetur adipiscing elit. Duis rhoncus turpis lorem, id vulputate velit viverra ac. Pellentesque habitant morbi tristique senectus et netus et malesuada fames ac turpis egestas. Mauris gravida dictum odio eget faucibus metus.Lorem ipsum dolor sit amet, consectetur adipiscing elit. Duis rhoncus turpis lorem, id vulputate velit viverra ac. Pellentesque habitant morbi tristique senectus et netus et malesuada fames ac turpis egestas. Mauris gravida dictum odio eget faucibus metus.Lorem ipsum dolor sit amet, consectetur adipiscing elit. Duis rhoncus turpis lorem, id vulputate velit viverra ac. Pellentesque habitant morbi tristique senectus et netus et malesuada fames ac turpis egestas. Mauris gravida dictum odio eget faucibus metus.Lorem ipsum dolor sit amet, consectetur adipiscing elit. Duis rhoncus turpis lorem, id vulputate velit viverra ac. Pellentesque habitant morbi tristique senectus et netus et malesuada fames ac turpis egestas. Mauris gravida dictum odio eget faucibus metus.Lorem ipsum dolor sit amet, consectetur adipiscing elit. Duis rhoncus turpis lorem, id vulputate velit viverra ac. Pellentesque habitant morbi tristique senectus et netus et malesuada fames ac turpis egestas. Mauris gravida dictum odio eget faucibus metus.Lorem ipsum dolor sit amet, consectetur adipiscing elit. Duis rhoncus turpis lorem, id vulputate velit viverra ac. Pellentesque habitant morbi tristique senectus et netus et malesuada fames ac turpis egestas. Mauris gravida dictum odio eget faucibus metus.Lorem ipsum dolor sit amet, consectetur adipiscing elit. Duis rhoncus turpis lorem, id vulputate velit viverra ac. Pellentesque habitant morbi tristique senectus et netus et malesuada fames ac turpis egestas. Mauris gravida dictum odio eget faucibus metus.Lorem ipsum dolor sit amet, consectetur adipiscing elit. Duis rhoncus turpis lorem, id vulputate velit viverra ac. Pellentesque habitant morbi tristique senectus et netus et malesuada fames ac turpis egestas. Mauris gravida dictum odio eget faucibus metus.Lorem ipsum dolor sit amet, consectetur adipiscing elit. Duis rhoncus turpis lorem, id vulputate velit viverra ac. Pellentesque habitant morbi tristique senectus et netus et malesuada fames ac turpis egestas. Mauris gravida dictum odio eget faucibus metus.Lorem ipsum dolor sit amet, consectetur adipiscing elit. Duis rhoncus turpis lorem, id vulputate velit viverra ac. Pellentesque habitant morbi tristique senectus et netus et malesuada fames ac turpis egestas. Mauris gravida dictum odio eget faucibus metus.Lorem ipsum dolor sit amet, consectetur adipiscing elit. Duis rhoncus turpis lorem, id vulputate velit viverra ac. Pellentesque habitant morbi tristique senectus et netus et malesuada fames ac turpis egestas. Mauris gravida dictum odio eget faucibus metus."
LINHA 17: "AGORA TEM TEM TEM #\"#
LINHA 19: "\'
LINHA 23: "abcdefg      '\t\'"
LINHA 25: "des \'\a\'"
LINHA 27: ''
LINHA 29: "ijlmn \" bah'
